Copyright 1986-2022 Xilinx, Inc. All Rights Reserved. Copyright 2022-2025 Advanced Micro Devices, Inc. All Rights Reserved.
---------------------------------------------------------------------------------------------------------------------------------------------------------------------------------------------------------------------------------
| Tool Version : Vivado v.2025.1 (win64) Build 6140274 Thu May 22 00:12:29 MDT 2025
| Date         : Thu Mar 19 08:06:35 2026
| Host         : DESKTOP-QGTME97 running 64-bit major release  (build 9200)
| Command      : report_timing_summary -max_paths 10 -routable_nets -report_unconstrained -file fra_top_timing_summary_routed.rpt -pb fra_top_timing_summary_routed.pb -rpx fra_top_timing_summary_routed.rpx -warn_on_violation
| Design       : fra_top
| Device       : 7z015-clg485
| Speed File   : -2  PRODUCTION 1.12 2019-11-22
| Design State : Routed
---------------------------------------------------------------------------------------------------------------------------------------------------------------------------------------------------------------------------------

Timing Summary Report

------------------------------------------------------------------------------------------------
| Timer Settings
| --------------
------------------------------------------------------------------------------------------------

  Enable Multi Corner Analysis               :  Yes
  Enable Pessimism Removal                   :  Yes
  Pessimism Removal Resolution               :  Nearest Common Node
  Enable Input Delay Default Clock           :  No
  Enable Preset / Clear Arcs                 :  No
  Disable Flight Delays                      :  No
  Ignore I/O Paths                           :  No
  Timing Early Launch at Borrowing Latches   :  No
  Borrow Time for Max Delay Exceptions       :  Yes
  Merge Timing Exceptions                    :  Yes
  Inter-SLR Compensation                     :  Conservative

  Corner  Analyze    Analyze    
  Name    Max Paths  Min Paths  
  ------  ---------  ---------  
  Slow    Yes        Yes        
  Fast    Yes        Yes        


------------------------------------------------------------------------------------------------
| Report Methodology
| ------------------
------------------------------------------------------------------------------------------------

Rule       Severity          Description                    Violations  
---------  ----------------  -----------------------------  ----------  
TIMING-17  Critical Warning  Non-clocked sequential cell    16          
TIMING-18  Warning           Missing input or output delay  2           

Note: This report is based on the most recent report_methodology run and may not be up-to-date. Run report_methodology on the current design for the latest report.



check_timing report

Table of Contents
-----------------
1. checking no_clock (16)
2. checking constant_clock (0)
3. checking pulse_width_clock (0)
4. checking unconstrained_internal_endpoints (46)
5. checking no_input_delay (1)
6. checking no_output_delay (10)
7. checking multiple_clock (0)
8. checking generated_clocks (0)
9. checking loops (0)
10. checking partial_input_delay (0)
11. checking partial_output_delay (0)
12. checking latch_loops (0)

1. checking no_clock (16)
-------------------------
 There are 16 register/latch pins with no clock driven by root clock pin: u_clk_div_2/clk_div_reg/Q (HIGH)


2. checking constant_clock (0)
------------------------------
 There are 0 register/latch pins with constant_clock.


3. checking pulse_width_clock (0)
---------------------------------
 There are 0 register/latch pins which need pulse_width check


4. checking unconstrained_internal_endpoints (46)
-------------------------------------------------
 There are 46 pins that are not constrained for maximum delay. (HIGH)

 There are 0 pins that are not constrained for maximum delay due to constant clock.


5. checking no_input_delay (1)
------------------------------
 There is 1 input port with no input delay specified. (HIGH)

 There are 0 input ports with no input delay but user has a false path constraint.


6. checking no_output_delay (10)
--------------------------------
 There are 10 ports with no output delay specified. (HIGH)

 There are 0 ports with no output delay but user has a false path constraint

 There are 0 ports with no output delay but with a timing clock defined on it or propagating through it


7. checking multiple_clock (0)
------------------------------
 There are 0 register/latch pins with multiple clocks.


8. checking generated_clocks (0)
--------------------------------
 There are 0 generated clocks that are not connected to a clock source.


9. checking loops (0)
---------------------
 There are 0 combinational loops in the design.


10. checking partial_input_delay (0)
------------------------------------
 There are 0 input ports with partial input delay specified.


11. checking partial_output_delay (0)
-------------------------------------
 There are 0 ports with partial output delay specified.


12. checking latch_loops (0)
----------------------------
 There are 0 combinational latch loops in the design through latch input



------------------------------------------------------------------------------------------------
| Design Timing Summary
| ---------------------
------------------------------------------------------------------------------------------------

    WNS(ns)      TNS(ns)  TNS Failing Endpoints  TNS Total Endpoints      WHS(ns)      THS(ns)  THS Failing Endpoints  THS Total Endpoints     WPWS(ns)     TPWS(ns)  TPWS Failing Endpoints  TPWS Total Endpoints  
    -------      -------  ---------------------  -------------------      -------      -------  ---------------------  -------------------     --------     --------  ----------------------  --------------------  
     19.020        0.000                      0                    1        0.315        0.000                      0                    1        9.500        0.000                       0                     2  


All user specified timing constraints are met.


------------------------------------------------------------------------------------------------
| Clock Summary
| -------------
------------------------------------------------------------------------------------------------

Clock   Waveform(ns)       Period(ns)      Frequency(MHz)
-----   ------------       ----------      --------------
pl_clk  {0.000 10.000}     20.000          50.000          


------------------------------------------------------------------------------------------------
| Intra Clock Table
| -----------------
------------------------------------------------------------------------------------------------

Clock             WNS(ns)      TNS(ns)  TNS Failing Endpoints  TNS Total Endpoints      WHS(ns)      THS(ns)  THS Failing Endpoints  THS Total Endpoints     WPWS(ns)     TPWS(ns)  TPWS Failing Endpoints  TPWS Total Endpoints  
-----             -------      -------  ---------------------  -------------------      -------      -------  ---------------------  -------------------     --------     --------  ----------------------  --------------------  
pl_clk             19.020        0.000                      0                    1        0.315        0.000                      0                    1        9.500        0.000                       0                     2  


------------------------------------------------------------------------------------------------
| Inter Clock Table
| -----------------
------------------------------------------------------------------------------------------------

From Clock    To Clock          WNS(ns)      TNS(ns)  TNS Failing Endpoints  TNS Total Endpoints      WHS(ns)      THS(ns)  THS Failing Endpoints  THS Total Endpoints  
----------    --------          -------      -------  ---------------------  -------------------      -------      -------  ---------------------  -------------------  


------------------------------------------------------------------------------------------------
| Other Path Groups Table
| -----------------------
------------------------------------------------------------------------------------------------

Path Group    From Clock    To Clock          WNS(ns)      TNS(ns)  TNS Failing Endpoints  TNS Total Endpoints      WHS(ns)      THS(ns)  THS Failing Endpoints  THS Total Endpoints  
----------    ----------    --------          -------      -------  ---------------------  -------------------      -------      -------  ---------------------  -------------------  


------------------------------------------------------------------------------------------------
| User Ignored Path Table
| -----------------------
------------------------------------------------------------------------------------------------

Path Group    From Clock    To Clock    
----------    ----------    --------    


------------------------------------------------------------------------------------------------
| Unconstrained Path Table
| ------------------------
------------------------------------------------------------------------------------------------

Path Group    From Clock    To Clock    
----------    ----------    --------    
(none)                                    
(none)        pl_clk                      


------------------------------------------------------------------------------------------------
| Timing Details
| --------------
------------------------------------------------------------------------------------------------


---------------------------------------------------------------------------------------------------
From Clock:  pl_clk
  To Clock:  pl_clk

Setup :            0  Failing Endpoints,  Worst Slack       19.020ns,  Total Violation        0.000ns
Hold  :            0  Failing Endpoints,  Worst Slack        0.315ns,  Total Violation        0.000ns
PW    :            0  Failing Endpoints,  Worst Slack        9.500ns,  Total Violation        0.000ns
---------------------------------------------------------------------------------------------------


Max Delay Paths
--------------------------------------------------------------------------------------
Slack (MET) :             19.020ns  (required time - arrival time)
  Source:                 u_clk_div_2/clk_div_reg/C
                            (rising edge-triggered cell FDRE clocked by pl_clk  {rise@0.000ns fall@10.000ns period=20.000ns})
  Destination:            u_clk_div_2/clk_div_reg/D
                            (rising edge-triggered cell FDRE clocked by pl_clk  {rise@0.000ns fall@10.000ns period=20.000ns})
  Path Group:             pl_clk
  Path Type:              Setup (Max at Slow Process Corner)
  Requirement:            20.000ns  (pl_clk rise@20.000ns - pl_clk rise@0.000ns)
  Data Path Delay:        1.017ns  (logic 0.538ns (52.896%)  route 0.479ns (47.105%))
  Logic Levels:           1  (LUT1=1)
  Clock Path Skew:        0.000ns (DCD - SCD + CPR)
    Destination Clock Delay (DCD):    4.481ns = ( 24.481 - 20.000 ) 
    Source Clock Delay      (SCD):    4.887ns
    Clock Pessimism Removal (CPR):    0.406ns
  Clock Uncertainty:      0.035ns  ((TSJ^2 + TIJ^2)^1/2 + DJ) / 2 + PE
    Total System Jitter     (TSJ):    0.071ns
    Total Input Jitter      (TIJ):    0.000ns
    Discrete Jitter          (DJ):    0.000ns
    Phase Error              (PE):    0.000ns

    Location             Delay type                Incr(ns)  Path(ns)    Netlist Resource(s)
  -------------------------------------------------------------------    -------------------
                         (clock pl_clk rise edge)     0.000     0.000 r  
    Y14                                               0.000     0.000 r  clk (IN)
                         net (fo=0)                   0.000     0.000    clk
    Y14                  IBUF (Prop_ibuf_I_O)         1.465     1.465 r  clk_IBUF_inst/O
                         net (fo=1, routed)           1.812     3.277    clk_IBUF
    BUFGCTRL_X0Y0        BUFG (Prop_bufg_I_O)         0.085     3.362 r  clk_IBUF_BUFG_inst/O
                         net (fo=1, routed)           1.525     4.887    u_clk_div_2/clk_IBUF_BUFG
    SLICE_X0Y17          FDRE                                         r  u_clk_div_2/clk_div_reg/C
  -------------------------------------------------------------------    -------------------
    SLICE_X0Y17          FDRE (Prop_fdre_C_Q)         0.433     5.320 f  u_clk_div_2/clk_div_reg/Q
                         net (fo=19, routed)          0.479     5.799    u_clk_div_2/dac_clk_out_OBUF
    SLICE_X0Y17          LUT1 (Prop_lut1_I0_O)        0.105     5.904 r  u_clk_div_2/clk_div_i_1/O
                         net (fo=1, routed)           0.000     5.904    u_clk_div_2/p_0_in
    SLICE_X0Y17          FDRE                                         r  u_clk_div_2/clk_div_reg/D
  -------------------------------------------------------------------    -------------------

                         (clock pl_clk rise edge)    20.000    20.000 r  
    Y14                                               0.000    20.000 r  clk (IN)
                         net (fo=0)                   0.000    20.000    clk
    Y14                  IBUF (Prop_ibuf_I_O)         1.399    21.399 r  clk_IBUF_inst/O
                         net (fo=1, routed)           1.639    23.038    clk_IBUF
    BUFGCTRL_X0Y0        BUFG (Prop_bufg_I_O)         0.077    23.115 r  clk_IBUF_BUFG_inst/O
                         net (fo=1, routed)           1.366    24.481    u_clk_div_2/clk_IBUF_BUFG
    SLICE_X0Y17          FDRE                                         r  u_clk_div_2/clk_div_reg/C
                         clock pessimism              0.406    24.887    
                         clock uncertainty           -0.035    24.852    
    SLICE_X0Y17          FDRE (Setup_fdre_C_D)        0.072    24.924    u_clk_div_2/clk_div_reg
  -------------------------------------------------------------------
                         required time                         24.924    
                         arrival time                          -5.904    
  -------------------------------------------------------------------
                         slack                                 19.020    





Min Delay Paths
--------------------------------------------------------------------------------------
Slack (MET) :             0.315ns  (arrival time - required time)
  Source:                 u_clk_div_2/clk_div_reg/C
                            (rising edge-triggered cell FDRE clocked by pl_clk  {rise@0.000ns fall@10.000ns period=20.000ns})
  Destination:            u_clk_div_2/clk_div_reg/D
                            (rising edge-triggered cell FDRE clocked by pl_clk  {rise@0.000ns fall@10.000ns period=20.000ns})
  Path Group:             pl_clk
  Path Type:              Hold (Min at Fast Process Corner)
  Requirement:            0.000ns  (pl_clk rise@0.000ns - pl_clk rise@0.000ns)
  Data Path Delay:        0.435ns  (logic 0.209ns (48.035%)  route 0.226ns (51.965%))
  Logic Levels:           1  (LUT1=1)
  Clock Path Skew:        0.000ns (DCD - SCD - CPR)
    Destination Clock Delay (DCD):    2.105ns
    Source Clock Delay      (SCD):    1.585ns
    Clock Pessimism Removal (CPR):    0.520ns

    Location             Delay type                Incr(ns)  Path(ns)    Netlist Resource(s)
  -------------------------------------------------------------------    -------------------
                         (clock pl_clk rise edge)     0.000     0.000 r  
    Y14                                               0.000     0.000 r  clk (IN)
                         net (fo=0)                   0.000     0.000    clk
    Y14                  IBUF (Prop_ibuf_I_O)         0.301     0.301 r  clk_IBUF_inst/O
                         net (fo=1, routed)           0.648     0.949    clk_IBUF
    BUFGCTRL_X0Y0        BUFG (Prop_bufg_I_O)         0.026     0.975 r  clk_IBUF_BUFG_inst/O
                         net (fo=1, routed)           0.610     1.585    u_clk_div_2/clk_IBUF_BUFG
    SLICE_X0Y17          FDRE                                         r  u_clk_div_2/clk_div_reg/C
  -------------------------------------------------------------------    -------------------
    SLICE_X0Y17          FDRE (Prop_fdre_C_Q)         0.164     1.749 f  u_clk_div_2/clk_div_reg/Q
                         net (fo=19, routed)          0.226     1.975    u_clk_div_2/dac_clk_out_OBUF
    SLICE_X0Y17          LUT1 (Prop_lut1_I0_O)        0.045     2.020 r  u_clk_div_2/clk_div_i_1/O
                         net (fo=1, routed)           0.000     2.020    u_clk_div_2/p_0_in
    SLICE_X0Y17          FDRE                                         r  u_clk_div_2/clk_div_reg/D
  -------------------------------------------------------------------    -------------------

                         (clock pl_clk rise edge)     0.000     0.000 r  
    Y14                                               0.000     0.000 r  clk (IN)
                         net (fo=0)                   0.000     0.000    clk
    Y14                  IBUF (Prop_ibuf_I_O)         0.490     0.490 r  clk_IBUF_inst/O
                         net (fo=1, routed)           0.707     1.197    clk_IBUF
    BUFGCTRL_X0Y0        BUFG (Prop_bufg_I_O)         0.029     1.226 r  clk_IBUF_BUFG_inst/O
                         net (fo=1, routed)           0.879     2.105    u_clk_div_2/clk_IBUF_BUFG
    SLICE_X0Y17          FDRE                                         r  u_clk_div_2/clk_div_reg/C
                         clock pessimism             -0.520     1.585    
    SLICE_X0Y17          FDRE (Hold_fdre_C_D)         0.120     1.705    u_clk_div_2/clk_div_reg
  -------------------------------------------------------------------
                         required time                         -1.705    
                         arrival time                           2.020    
  -------------------------------------------------------------------
                         slack                                  0.315    





Pulse Width Checks
--------------------------------------------------------------------------------------
Clock Name:         pl_clk
Waveform(ns):       { 0.000 10.000 }
Period(ns):         20.000
Sources:            { clk }

Check Type        Corner  Lib Pin  Reference Pin  Required(ns)  Actual(ns)  Slack(ns)  Location       Pin
Min Period        n/a     BUFG/I   n/a            1.592         20.000      18.408     BUFGCTRL_X0Y0  clk_IBUF_BUFG_inst/I
Min Period        n/a     FDRE/C   n/a            1.000         20.000      19.000     SLICE_X0Y17    u_clk_div_2/clk_div_reg/C
Low Pulse Width   Slow    FDRE/C   n/a            0.500         10.000      9.500      SLICE_X0Y17    u_clk_div_2/clk_div_reg/C
Low Pulse Width   Fast    FDRE/C   n/a            0.500         10.000      9.500      SLICE_X0Y17    u_clk_div_2/clk_div_reg/C
High Pulse Width  Slow    FDRE/C   n/a            0.500         10.000      9.500      SLICE_X0Y17    u_clk_div_2/clk_div_reg/C
High Pulse Width  Fast    FDRE/C   n/a            0.500         10.000      9.500      SLICE_X0Y17    u_clk_div_2/clk_div_reg/C



--------------------------------------------------------------------------------------
Path Group:  (none)
From Clock:  
  To Clock:  

Max Delay            54 Endpoints
Min Delay            54 Endpoints
--------------------------------------------------------------------------------------


Max Delay Paths
--------------------------------------------------------------------------------------
Slack:                    inf
  Source:                 u_lut/data_reg/CLKARDCLK
                            (rising edge-triggered cell RAMB18E1)
  Destination:            dac_out[2]
                            (output port)
  Path Group:             (none)
  Path Type:              Max at Slow Process Corner
  Data Path Delay:        9.818ns  (logic 4.051ns (41.264%)  route 5.767ns (58.736%))
  Logic Levels:           2  (OBUF=1 RAMB18E1=1)

    Location             Delay type                Incr(ns)  Path(ns)    Netlist Resource(s)
  -------------------------------------------------------------------    -------------------
    RAMB18_X0Y8          RAMB18E1                     0.000     0.000 r  u_lut/data_reg/CLKARDCLK
    RAMB18_X0Y8          RAMB18E1 (Prop_ramb18e1_CLKARDCLK_DOADO[2])
                                                      0.734     0.734 r  u_lut/data_reg/DOADO[2]
                         net (fo=1, routed)           5.767     6.501    dac_out_OBUF[2]
    P8                   OBUF (Prop_obuf_I_O)         3.317     9.818 r  dac_out_OBUF[2]_inst/O
                         net (fo=0)                   0.000     9.818    dac_out[2]
    P8                                                                r  dac_out[2] (OUT)
  -------------------------------------------------------------------    -------------------

Slack:                    inf
  Source:                 u_lut/data_reg/CLKARDCLK
                            (rising edge-triggered cell RAMB18E1)
  Destination:            dac_out[1]
                            (output port)
  Path Group:             (none)
  Path Type:              Max at Slow Process Corner
  Data Path Delay:        9.586ns  (logic 4.028ns (42.016%)  route 5.558ns (57.984%))
  Logic Levels:           2  (OBUF=1 RAMB18E1=1)

    Location             Delay type                Incr(ns)  Path(ns)    Netlist Resource(s)
  -------------------------------------------------------------------    -------------------
    RAMB18_X0Y8          RAMB18E1                     0.000     0.000 r  u_lut/data_reg/CLKARDCLK
    RAMB18_X0Y8          RAMB18E1 (Prop_ramb18e1_CLKARDCLK_DOADO[1])
                                                      0.734     0.734 r  u_lut/data_reg/DOADO[1]
                         net (fo=1, routed)           5.558     6.292    dac_out_OBUF[1]
    N8                   OBUF (Prop_obuf_I_O)         3.294     9.586 r  dac_out_OBUF[1]_inst/O
                         net (fo=0)                   0.000     9.586    dac_out[1]
    N8                                                                r  dac_out[1] (OUT)
  -------------------------------------------------------------------    -------------------

Slack:                    inf
  Source:                 u_lut/data_reg/CLKARDCLK
                            (rising edge-triggered cell RAMB18E1)
  Destination:            dac_out[5]
                            (output port)
  Path Group:             (none)
  Path Type:              Max at Slow Process Corner
  Data Path Delay:        9.164ns  (logic 4.019ns (43.853%)  route 5.145ns (56.147%))
  Logic Levels:           2  (OBUF=1 RAMB18E1=1)

    Location             Delay type                Incr(ns)  Path(ns)    Netlist Resource(s)
  -------------------------------------------------------------------    -------------------
    RAMB18_X0Y8          RAMB18E1                     0.000     0.000 r  u_lut/data_reg/CLKARDCLK
    RAMB18_X0Y8          RAMB18E1 (Prop_ramb18e1_CLKARDCLK_DOADO[5])
                                                      0.734     0.734 r  u_lut/data_reg/DOADO[5]
                         net (fo=1, routed)           5.145     5.879    dac_out_OBUF[5]
    P3                   OBUF (Prop_obuf_I_O)         3.285     9.164 r  dac_out_OBUF[5]_inst/O
                         net (fo=0)                   0.000     9.164    dac_out[5]
    P3                                                                r  dac_out[5] (OUT)
  -------------------------------------------------------------------    -------------------

Slack:                    inf
  Source:                 u_lut/data_reg/CLKARDCLK
                            (rising edge-triggered cell RAMB18E1)
  Destination:            dac_out[0]
                            (output port)
  Path Group:             (none)
  Path Type:              Max at Slow Process Corner
  Data Path Delay:        8.959ns  (logic 4.030ns (44.983%)  route 4.929ns (55.017%))
  Logic Levels:           2  (OBUF=1 RAMB18E1=1)

    Location             Delay type                Incr(ns)  Path(ns)    Netlist Resource(s)
  -------------------------------------------------------------------    -------------------
    RAMB18_X0Y8          RAMB18E1                     0.000     0.000 r  u_lut/data_reg/CLKARDCLK
    RAMB18_X0Y8          RAMB18E1 (Prop_ramb18e1_CLKARDCLK_DOADO[0])
                                                      0.734     0.734 r  u_lut/data_reg/DOADO[0]
                         net (fo=1, routed)           4.929     5.663    dac_out_OBUF[0]
    R2                   OBUF (Prop_obuf_I_O)         3.296     8.959 r  dac_out_OBUF[0]_inst/O
                         net (fo=0)                   0.000     8.959    dac_out[0]
    R2                                                                r  dac_out[0] (OUT)
  -------------------------------------------------------------------    -------------------

Slack:                    inf
  Source:                 u_lut/data_reg/CLKARDCLK
                            (rising edge-triggered cell RAMB18E1)
  Destination:            dac_out[4]
                            (output port)
  Path Group:             (none)
  Path Type:              Max at Slow Process Corner
  Data Path Delay:        8.667ns  (logic 4.020ns (46.376%)  route 4.648ns (53.624%))
  Logic Levels:           2  (OBUF=1 RAMB18E1=1)

    Location             Delay type                Incr(ns)  Path(ns)    Netlist Resource(s)
  -------------------------------------------------------------------    -------------------
    RAMB18_X0Y8          RAMB18E1                     0.000     0.000 r  u_lut/data_reg/CLKARDCLK
    RAMB18_X0Y8          RAMB18E1 (Prop_ramb18e1_CLKARDCLK_DOADO[4])
                                                      0.734     0.734 r  u_lut/data_reg/DOADO[4]
                         net (fo=1, routed)           4.648     5.382    dac_out_OBUF[4]
    R7                   OBUF (Prop_obuf_I_O)         3.286     8.667 r  dac_out_OBUF[4]_inst/O
                         net (fo=0)                   0.000     8.667    dac_out[4]
    R7                                                                r  dac_out[4] (OUT)
  -------------------------------------------------------------------    -------------------

Slack:                    inf
  Source:                 u_lut/data_reg/CLKARDCLK
                            (rising edge-triggered cell RAMB18E1)
  Destination:            dac_out[3]
                            (output port)
  Path Group:             (none)
  Path Type:              Max at Slow Process Corner
  Data Path Delay:        8.346ns  (logic 3.994ns (47.848%)  route 4.353ns (52.151%))
  Logic Levels:           2  (OBUF=1 RAMB18E1=1)

    Location             Delay type                Incr(ns)  Path(ns)    Netlist Resource(s)
  -------------------------------------------------------------------    -------------------
    RAMB18_X0Y8          RAMB18E1                     0.000     0.000 r  u_lut/data_reg/CLKARDCLK
    RAMB18_X0Y8          RAMB18E1 (Prop_ramb18e1_CLKARDCLK_DOADO[3])
                                                      0.734     0.734 r  u_lut/data_reg/DOADO[3]
                         net (fo=1, routed)           4.353     5.087    dac_out_OBUF[3]
    P7                   OBUF (Prop_obuf_I_O)         3.260     8.346 r  dac_out_OBUF[3]_inst/O
                         net (fo=0)                   0.000     8.346    dac_out[3]
    P7                                                                r  dac_out[3] (OUT)
  -------------------------------------------------------------------    -------------------

Slack:                    inf
  Source:                 u_lut/data_reg/CLKARDCLK
                            (rising edge-triggered cell RAMB18E1)
  Destination:            dac_out[6]
                            (output port)
  Path Group:             (none)
  Path Type:              Max at Slow Process Corner
  Data Path Delay:        8.330ns  (logic 4.002ns (48.041%)  route 4.328ns (51.959%))
  Logic Levels:           2  (OBUF=1 RAMB18E1=1)

    Location             Delay type                Incr(ns)  Path(ns)    Netlist Resource(s)
  -------------------------------------------------------------------    -------------------
    RAMB18_X0Y8          RAMB18E1                     0.000     0.000 r  u_lut/data_reg/CLKARDCLK
    RAMB18_X0Y8          RAMB18E1 (Prop_ramb18e1_CLKARDCLK_DOADO[6])
                                                      0.734     0.734 r  u_lut/data_reg/DOADO[6]
                         net (fo=1, routed)           4.328     5.062    dac_out_OBUF[6]
    P2                   OBUF (Prop_obuf_I_O)         3.268     8.330 r  dac_out_OBUF[6]_inst/O
                         net (fo=0)                   0.000     8.330    dac_out[6]
    P2                                                                r  dac_out[6] (OUT)
  -------------------------------------------------------------------    -------------------

Slack:                    inf
  Source:                 u_lut/data_reg/CLKARDCLK
                            (rising edge-triggered cell RAMB18E1)
  Destination:            dac_out[7]
                            (output port)
  Path Group:             (none)
  Path Type:              Max at Slow Process Corner
  Data Path Delay:        6.068ns  (logic 4.084ns (67.304%)  route 1.984ns (32.696%))
  Logic Levels:           2  (OBUF=1 RAMB18E1=1)

    Location             Delay type                Incr(ns)  Path(ns)    Netlist Resource(s)
  -------------------------------------------------------------------    -------------------
    RAMB18_X0Y8          RAMB18E1                     0.000     0.000 r  u_lut/data_reg/CLKARDCLK
    RAMB18_X0Y8          RAMB18E1 (Prop_ramb18e1_CLKARDCLK_DOADO[7])
                                                      0.734     0.734 r  u_lut/data_reg/DOADO[7]
                         net (fo=1, routed)           1.984     2.718    dac_out_OBUF[7]
    Y12                  OBUF (Prop_obuf_I_O)         3.350     6.068 r  dac_out_OBUF[7]_inst/O
                         net (fo=0)                   0.000     6.068    dac_out[7]
    Y12                                                               r  dac_out[7] (OUT)
  -------------------------------------------------------------------    -------------------

Slack:                    inf
  Source:                 reset_n
                            (input port)
  Destination:            u_sawtooth_gen/ramp_counter_reg[0]/S
  Path Group:             (none)
  Path Type:              Max at Slow Process Corner
  Data Path Delay:        3.894ns  (logic 1.598ns (41.026%)  route 2.297ns (58.974%))
  Logic Levels:           2  (IBUF=1 LUT1=1)

    Location             Delay type                Incr(ns)  Path(ns)    Netlist Resource(s)
  -------------------------------------------------------------------    -------------------
    AB12                                              0.000     0.000 f  reset_n (IN)
                         net (fo=0)                   0.000     0.000    reset_n
    AB12                 IBUF (Prop_ibuf_I_O)         1.493     1.493 f  reset_n_IBUF_inst/O
                         net (fo=3, routed)           1.702     3.195    u_sawtooth_gen/reset_n_IBUF
    SLICE_X8Y20          LUT1 (Prop_lut1_I0_O)        0.105     3.300 r  u_sawtooth_gen/data_reg_i_1/O
                         net (fo=9, routed)           0.594     3.894    u_sawtooth_gen/reset_n
    SLICE_X7Y20          FDSE                                         r  u_sawtooth_gen/ramp_counter_reg[0]/S
  -------------------------------------------------------------------    -------------------

Slack:                    inf
  Source:                 reset_n
                            (input port)
  Destination:            u_sawtooth_gen/ramp_counter_reg[1]/S
  Path Group:             (none)
  Path Type:              Max at Slow Process Corner
  Data Path Delay:        3.894ns  (logic 1.598ns (41.026%)  route 2.297ns (58.974%))
  Logic Levels:           2  (IBUF=1 LUT1=1)

    Location             Delay type                Incr(ns)  Path(ns)    Netlist Resource(s)
  -------------------------------------------------------------------    -------------------
    AB12                                              0.000     0.000 f  reset_n (IN)
                         net (fo=0)                   0.000     0.000    reset_n
    AB12                 IBUF (Prop_ibuf_I_O)         1.493     1.493 f  reset_n_IBUF_inst/O
                         net (fo=3, routed)           1.702     3.195    u_sawtooth_gen/reset_n_IBUF
    SLICE_X8Y20          LUT1 (Prop_lut1_I0_O)        0.105     3.300 r  u_sawtooth_gen/data_reg_i_1/O
                         net (fo=9, routed)           0.594     3.894    u_sawtooth_gen/reset_n
    SLICE_X7Y20          FDSE                                         r  u_sawtooth_gen/ramp_counter_reg[1]/S
  -------------------------------------------------------------------    -------------------





Min Delay Paths
--------------------------------------------------------------------------------------
Slack:                    inf
  Source:                 u_sawtooth_gen/ramp_counter_reg[4]/C
                            (rising edge-triggered cell FDSE)
  Destination:            u_sawtooth_gen/ramp_counter_reg[5]/D
  Path Group:             (none)
  Path Type:              Min at Fast Process Corner
  Data Path Delay:        0.317ns  (logic 0.227ns (71.674%)  route 0.090ns (28.326%))
  Logic Levels:           2  (FDSE=1 LUT6=1)

    Location             Delay type                Incr(ns)  Path(ns)    Netlist Resource(s)
  -------------------------------------------------------------------    -------------------
    SLICE_X9Y20          FDSE                         0.000     0.000 r  u_sawtooth_gen/ramp_counter_reg[4]/C
    SLICE_X9Y20          FDSE (Prop_fdse_C_Q)         0.128     0.128 r  u_sawtooth_gen/ramp_counter_reg[4]/Q
                         net (fo=4, routed)           0.090     0.218    u_sawtooth_gen/ADDRARDADDR[4]
    SLICE_X9Y20          LUT6 (Prop_lut6_I0_O)        0.099     0.317 r  u_sawtooth_gen/ramp_counter[5]_i_1/O
                         net (fo=1, routed)           0.000     0.317    u_sawtooth_gen/ramp_counter[5]_i_1_n_0
    SLICE_X9Y20          FDSE                                         r  u_sawtooth_gen/ramp_counter_reg[5]/D
  -------------------------------------------------------------------    -------------------

Slack:                    inf
  Source:                 u_sawtooth_gen/ramp_counter_reg[7]/C
                            (rising edge-triggered cell FDRE)
  Destination:            u_sawtooth_gen/ramp_counter_reg[7]/D
  Path Group:             (none)
  Path Type:              Min at Fast Process Corner
  Data Path Delay:        0.355ns  (logic 0.186ns (52.377%)  route 0.169ns (47.623%))
  Logic Levels:           2  (FDRE=1 LUT3=1)

    Location             Delay type                Incr(ns)  Path(ns)    Netlist Resource(s)
  -------------------------------------------------------------------    -------------------
    SLICE_X9Y20          FDRE                         0.000     0.000 r  u_sawtooth_gen/ramp_counter_reg[7]/C
    SLICE_X9Y20          FDRE (Prop_fdre_C_Q)         0.141     0.141 r  u_sawtooth_gen/ramp_counter_reg[7]/Q
                         net (fo=2, routed)           0.169     0.310    u_sawtooth_gen/ADDRARDADDR[7]
    SLICE_X9Y20          LUT3 (Prop_lut3_I2_O)        0.045     0.355 r  u_sawtooth_gen/ramp_counter[7]_i_1/O
                         net (fo=1, routed)           0.000     0.355    u_sawtooth_gen/ramp_counter[7]_i_1_n_0
    SLICE_X9Y20          FDRE                                         r  u_sawtooth_gen/ramp_counter_reg[7]/D
  -------------------------------------------------------------------    -------------------

Slack:                    inf
  Source:                 u_sawtooth_gen/ramp_counter_reg[7]/C
                            (rising edge-triggered cell FDRE)
  Destination:            u_lut/data_reg/ADDRARDADDR[11]
  Path Group:             (none)
  Path Type:              Min at Fast Process Corner
  Data Path Delay:        0.358ns  (logic 0.141ns (39.402%)  route 0.217ns (60.598%))
  Logic Levels:           1  (FDRE=1)

    Location             Delay type                Incr(ns)  Path(ns)    Netlist Resource(s)
  -------------------------------------------------------------------    -------------------
    SLICE_X9Y20          FDRE                         0.000     0.000 r  u_sawtooth_gen/ramp_counter_reg[7]/C
    SLICE_X9Y20          FDRE (Prop_fdre_C_Q)         0.141     0.141 r  u_sawtooth_gen/ramp_counter_reg[7]/Q
                         net (fo=2, routed)           0.217     0.358    u_lut/ADDRARDADDR[7]
    RAMB18_X0Y8          RAMB18E1                                     r  u_lut/data_reg/ADDRARDADDR[11]
  -------------------------------------------------------------------    -------------------

Slack:                    inf
  Source:                 u_sawtooth_gen/ramp_counter_reg[6]/C
                            (rising edge-triggered cell FDSE)
  Destination:            u_lut/data_reg/ADDRARDADDR[10]
  Path Group:             (none)
  Path Type:              Min at Fast Process Corner
  Data Path Delay:        0.362ns  (logic 0.141ns (38.921%)  route 0.221ns (61.079%))
  Logic Levels:           1  (FDSE=1)

    Location             Delay type                Incr(ns)  Path(ns)    Netlist Resource(s)
  -------------------------------------------------------------------    -------------------
    SLICE_X9Y20          FDSE                         0.000     0.000 r  u_sawtooth_gen/ramp_counter_reg[6]/C
    SLICE_X9Y20          FDSE (Prop_fdse_C_Q)         0.141     0.141 r  u_sawtooth_gen/ramp_counter_reg[6]/Q
                         net (fo=3, routed)           0.221     0.362    u_lut/ADDRARDADDR[6]
    RAMB18_X0Y8          RAMB18E1                                     r  u_lut/data_reg/ADDRARDADDR[10]
  -------------------------------------------------------------------    -------------------

Slack:                    inf
  Source:                 u_sawtooth_gen/ramp_counter_reg[5]/C
                            (rising edge-triggered cell FDSE)
  Destination:            u_lut/data_reg/ADDRARDADDR[9]
  Path Group:             (none)
  Path Type:              Min at Fast Process Corner
  Data Path Delay:        0.368ns  (logic 0.141ns (38.318%)  route 0.227ns (61.682%))
  Logic Levels:           1  (FDSE=1)

    Location             Delay type                Incr(ns)  Path(ns)    Netlist Resource(s)
  -------------------------------------------------------------------    -------------------
    SLICE_X9Y20          FDSE                         0.000     0.000 r  u_sawtooth_gen/ramp_counter_reg[5]/C
    SLICE_X9Y20          FDSE (Prop_fdse_C_Q)         0.141     0.141 r  u_sawtooth_gen/ramp_counter_reg[5]/Q
                         net (fo=3, routed)           0.227     0.368    u_lut/ADDRARDADDR[5]
    RAMB18_X0Y8          RAMB18E1                                     r  u_lut/data_reg/ADDRARDADDR[9]
  -------------------------------------------------------------------    -------------------

Slack:                    inf
  Source:                 u_sawtooth_gen/ramp_counter_reg[3]/C
                            (rising edge-triggered cell FDSE)
  Destination:            u_sawtooth_gen/ramp_counter_reg[4]/D
  Path Group:             (none)
  Path Type:              Min at Fast Process Corner
  Data Path Delay:        0.371ns  (logic 0.183ns (49.325%)  route 0.188ns (50.675%))
  Logic Levels:           2  (FDSE=1 LUT5=1)

    Location             Delay type                Incr(ns)  Path(ns)    Netlist Resource(s)
  -------------------------------------------------------------------    -------------------
    SLICE_X9Y20          FDSE                         0.000     0.000 r  u_sawtooth_gen/ramp_counter_reg[3]/C
    SLICE_X9Y20          FDSE (Prop_fdse_C_Q)         0.141     0.141 r  u_sawtooth_gen/ramp_counter_reg[3]/Q
                         net (fo=5, routed)           0.188     0.329    u_sawtooth_gen/ADDRARDADDR[3]
    SLICE_X9Y20          LUT5 (Prop_lut5_I0_O)        0.042     0.371 r  u_sawtooth_gen/ramp_counter[4]_i_1/O
                         net (fo=1, routed)           0.000     0.371    u_sawtooth_gen/ramp_counter[4]_i_1_n_0
    SLICE_X9Y20          FDSE                                         r  u_sawtooth_gen/ramp_counter_reg[4]/D
  -------------------------------------------------------------------    -------------------

Slack:                    inf
  Source:                 u_sawtooth_gen/ramp_counter_reg[4]/C
                            (rising edge-triggered cell FDSE)
  Destination:            u_lut/data_reg/ADDRARDADDR[8]
  Path Group:             (none)
  Path Type:              Min at Fast Process Corner
  Data Path Delay:        0.373ns  (logic 0.128ns (34.275%)  route 0.245ns (65.725%))
  Logic Levels:           1  (FDSE=1)

    Location             Delay type                Incr(ns)  Path(ns)    Netlist Resource(s)
  -------------------------------------------------------------------    -------------------
    SLICE_X9Y20          FDSE                         0.000     0.000 r  u_sawtooth_gen/ramp_counter_reg[4]/C
    SLICE_X9Y20          FDSE (Prop_fdse_C_Q)         0.128     0.128 r  u_sawtooth_gen/ramp_counter_reg[4]/Q
                         net (fo=4, routed)           0.245     0.373    u_lut/ADDRARDADDR[4]
    RAMB18_X0Y8          RAMB18E1                                     r  u_lut/data_reg/ADDRARDADDR[8]
  -------------------------------------------------------------------    -------------------

Slack:                    inf
  Source:                 u_sawtooth_gen/ramp_counter_reg[3]/C
                            (rising edge-triggered cell FDSE)
  Destination:            u_sawtooth_gen/ramp_counter_reg[3]/D
  Path Group:             (none)
  Path Type:              Min at Fast Process Corner
  Data Path Delay:        0.374ns  (logic 0.186ns (49.732%)  route 0.188ns (50.268%))
  Logic Levels:           2  (FDSE=1 LUT4=1)

    Location             Delay type                Incr(ns)  Path(ns)    Netlist Resource(s)
  -------------------------------------------------------------------    -------------------
    SLICE_X9Y20          FDSE                         0.000     0.000 r  u_sawtooth_gen/ramp_counter_reg[3]/C
    SLICE_X9Y20          FDSE (Prop_fdse_C_Q)         0.141     0.141 r  u_sawtooth_gen/ramp_counter_reg[3]/Q
                         net (fo=5, routed)           0.188     0.329    u_sawtooth_gen/ADDRARDADDR[3]
    SLICE_X9Y20          LUT4 (Prop_lut4_I3_O)        0.045     0.374 r  u_sawtooth_gen/ramp_counter[3]_i_1/O
                         net (fo=1, routed)           0.000     0.374    u_sawtooth_gen/ramp_counter[3]_i_1_n_0
    SLICE_X9Y20          FDSE                                         r  u_sawtooth_gen/ramp_counter_reg[3]/D
  -------------------------------------------------------------------    -------------------

Slack:                    inf
  Source:                 u_sawtooth_gen/ramp_counter_reg[3]/C
                            (rising edge-triggered cell FDSE)
  Destination:            u_lut/data_reg/ADDRARDADDR[7]
  Path Group:             (none)
  Path Type:              Min at Fast Process Corner
  Data Path Delay:        0.376ns  (logic 0.141ns (37.473%)  route 0.235ns (62.527%))
  Logic Levels:           1  (FDSE=1)

    Location             Delay type                Incr(ns)  Path(ns)    Netlist Resource(s)
  -------------------------------------------------------------------    -------------------
    SLICE_X9Y20          FDSE                         0.000     0.000 r  u_sawtooth_gen/ramp_counter_reg[3]/C
    SLICE_X9Y20          FDSE (Prop_fdse_C_Q)         0.141     0.141 r  u_sawtooth_gen/ramp_counter_reg[3]/Q
                         net (fo=5, routed)           0.235     0.376    u_lut/ADDRARDADDR[3]
    RAMB18_X0Y8          RAMB18E1                                     r  u_lut/data_reg/ADDRARDADDR[7]
  -------------------------------------------------------------------    -------------------

Slack:                    inf
  Source:                 u_sawtooth_gen/divider_counter_reg[1]/C
                            (rising edge-triggered cell FDRE)
  Destination:            u_sawtooth_gen/divider_counter_reg[4]/R
  Path Group:             (none)
  Path Type:              Min at Fast Process Corner
  Data Path Delay:        0.402ns  (logic 0.209ns (51.946%)  route 0.193ns (48.054%))
  Logic Levels:           2  (FDRE=1 LUT6=1)

    Location             Delay type                Incr(ns)  Path(ns)    Netlist Resource(s)
  -------------------------------------------------------------------    -------------------
    SLICE_X6Y20          FDRE                         0.000     0.000 r  u_sawtooth_gen/divider_counter_reg[1]/C
    SLICE_X6Y20          FDRE (Prop_fdre_C_Q)         0.164     0.164 r  u_sawtooth_gen/divider_counter_reg[1]/Q
                         net (fo=3, routed)           0.069     0.233    u_sawtooth_gen/divider_counter_reg[1]
    SLICE_X7Y20          LUT6 (Prop_lut6_I4_O)        0.045     0.278 r  u_sawtooth_gen/divider_counter[0]_i_1/O
                         net (fo=5, routed)           0.124     0.402    u_sawtooth_gen/divider_counter[0]_i_1_n_0
    SLICE_X6Y21          FDRE                                         r  u_sawtooth_gen/divider_counter_reg[4]/R
  -------------------------------------------------------------------    -------------------





--------------------------------------------------------------------------------------
Path Group:  (none)
From Clock:  pl_clk
  To Clock:  

Max Delay             2 Endpoints
Min Delay             2 Endpoints
--------------------------------------------------------------------------------------


Max Delay Paths
--------------------------------------------------------------------------------------
Slack:                    inf
  Source:                 u_clk_div_2/clk_div_reg/C
                            (rising edge-triggered cell FDRE clocked by pl_clk  {rise@0.000ns fall@10.000ns period=20.000ns})
  Destination:            dac_clk_out
                            (output port)
  Path Group:             (none)
  Path Type:              Max at Slow Process Corner
  Data Path Delay:        5.696ns  (logic 3.771ns (66.213%)  route 1.924ns (33.787%))
  Logic Levels:           1  (OBUF=1)
  Clock Uncertainty:      0.025ns  ((TSJ^2 + TIJ^2)^1/2 + DJ) / 2 + PE
    Total System Jitter     (TSJ):    0.050ns
    Total Input Jitter      (TIJ):    0.000ns
    Discrete Jitter          (DJ):    0.000ns
    Phase Error              (PE):    0.000ns

    Location             Delay type                Incr(ns)  Path(ns)    Netlist Resource(s)
  -------------------------------------------------------------------    -------------------
                         (clock pl_clk rise edge)     0.000     0.000 r  
    Y14                                               0.000     0.000 r  clk (IN)
                         net (fo=0)                   0.000     0.000    clk
    Y14                  IBUF (Prop_ibuf_I_O)         1.465     1.465 r  clk_IBUF_inst/O
                         net (fo=1, routed)           1.812     3.277    clk_IBUF
    BUFGCTRL_X0Y0        BUFG (Prop_bufg_I_O)         0.085     3.362 r  clk_IBUF_BUFG_inst/O
                         net (fo=1, routed)           1.525     4.887    u_clk_div_2/clk_IBUF_BUFG
    SLICE_X0Y17          FDRE                                         r  u_clk_div_2/clk_div_reg/C
  -------------------------------------------------------------------    -------------------
    SLICE_X0Y17          FDRE (Prop_fdre_C_Q)         0.433     5.320 r  u_clk_div_2/clk_div_reg/Q
                         net (fo=19, routed)          1.924     7.244    dac_clk_out_OBUF
    Y13                  OBUF (Prop_obuf_I_O)         3.338    10.583 r  dac_clk_out_OBUF_inst/O
                         net (fo=0)                   0.000    10.583    dac_clk_out
    Y13                                                               r  dac_clk_out (OUT)
  -------------------------------------------------------------------    -------------------

Slack:                    inf
  Source:                 u_clk_div_2/clk_div_reg/C
                            (rising edge-triggered cell FDRE clocked by pl_clk  {rise@0.000ns fall@10.000ns period=20.000ns})
  Destination:            adc_clk_out
                            (output port)
  Path Group:             (none)
  Path Type:              Max at Slow Process Corner
  Data Path Delay:        5.448ns  (logic 3.681ns (67.564%)  route 1.767ns (32.436%))
  Logic Levels:           1  (OBUF=1)
  Clock Uncertainty:      0.025ns  ((TSJ^2 + TIJ^2)^1/2 + DJ) / 2 + PE
    Total System Jitter     (TSJ):    0.050ns
    Total Input Jitter      (TIJ):    0.000ns
    Discrete Jitter          (DJ):    0.000ns
    Phase Error              (PE):    0.000ns

    Location             Delay type                Incr(ns)  Path(ns)    Netlist Resource(s)
  -------------------------------------------------------------------    -------------------
                         (clock pl_clk rise edge)     0.000     0.000 r  
    Y14                                               0.000     0.000 r  clk (IN)
                         net (fo=0)                   0.000     0.000    clk
    Y14                  IBUF (Prop_ibuf_I_O)         1.465     1.465 r  clk_IBUF_inst/O
                         net (fo=1, routed)           1.812     3.277    clk_IBUF
    BUFGCTRL_X0Y0        BUFG (Prop_bufg_I_O)         0.085     3.362 r  clk_IBUF_BUFG_inst/O
                         net (fo=1, routed)           1.525     4.887    u_clk_div_2/clk_IBUF_BUFG
    SLICE_X0Y17          FDRE                                         r  u_clk_div_2/clk_div_reg/C
  -------------------------------------------------------------------    -------------------
    SLICE_X0Y17          FDRE (Prop_fdre_C_Q)         0.433     5.320 r  u_clk_div_2/clk_div_reg/Q
                         net (fo=19, routed)          1.767     7.087    dac_clk_out_OBUF
    W18                  OBUF (Prop_obuf_I_O)         3.248    10.335 r  adc_clk_out_OBUF_inst/O
                         net (fo=0)                   0.000    10.335    adc_clk_out
    W18                                                               r  adc_clk_out (OUT)
  -------------------------------------------------------------------    -------------------





Min Delay Paths
--------------------------------------------------------------------------------------
Slack:                    inf
  Source:                 u_clk_div_2/clk_div_reg/C
                            (rising edge-triggered cell FDRE clocked by pl_clk  {rise@0.000ns fall@10.000ns period=20.000ns})
  Destination:            adc_clk_out
                            (output port)
  Path Group:             (none)
  Path Type:              Min at Fast Process Corner
  Data Path Delay:        1.911ns  (logic 1.367ns (71.537%)  route 0.544ns (28.463%))
  Logic Levels:           1  (OBUF=1)
  Clock Uncertainty:      0.025ns  ((TSJ^2 + TIJ^2)^1/2 + DJ) / 2 + PE
    Total System Jitter     (TSJ):    0.050ns
    Total Input Jitter      (TIJ):    0.000ns
    Discrete Jitter          (DJ):    0.000ns
    Phase Error              (PE):    0.000ns

    Location             Delay type                Incr(ns)  Path(ns)    Netlist Resource(s)
  -------------------------------------------------------------------    -------------------
                         (clock pl_clk rise edge)     0.000     0.000 r  
    Y14                                               0.000     0.000 r  clk (IN)
                         net (fo=0)                   0.000     0.000    clk
    Y14                  IBUF (Prop_ibuf_I_O)         0.301     0.301 r  clk_IBUF_inst/O
                         net (fo=1, routed)           0.648     0.949    clk_IBUF
    BUFGCTRL_X0Y0        BUFG (Prop_bufg_I_O)         0.026     0.975 r  clk_IBUF_BUFG_inst/O
                         net (fo=1, routed)           0.610     1.585    u_clk_div_2/clk_IBUF_BUFG
    SLICE_X0Y17          FDRE                                         r  u_clk_div_2/clk_div_reg/C
  -------------------------------------------------------------------    -------------------
    SLICE_X0Y17          FDRE (Prop_fdre_C_Q)         0.164     1.749 r  u_clk_div_2/clk_div_reg/Q
                         net (fo=19, routed)          0.544     2.293    dac_clk_out_OBUF
    W18                  OBUF (Prop_obuf_I_O)         1.203     3.496 r  adc_clk_out_OBUF_inst/O
                         net (fo=0)                   0.000     3.496    adc_clk_out
    W18                                                               r  adc_clk_out (OUT)
  -------------------------------------------------------------------    -------------------

Slack:                    inf
  Source:                 u_clk_div_2/clk_div_reg/C
                            (rising edge-triggered cell FDRE clocked by pl_clk  {rise@0.000ns fall@10.000ns period=20.000ns})
  Destination:            dac_clk_out
                            (output port)
  Path Group:             (none)
  Path Type:              Min at Fast Process Corner
  Data Path Delay:        2.076ns  (logic 1.457ns (70.203%)  route 0.618ns (29.797%))
  Logic Levels:           1  (OBUF=1)
  Clock Uncertainty:      0.025ns  ((TSJ^2 + TIJ^2)^1/2 + DJ) / 2 + PE
    Total System Jitter     (TSJ):    0.050ns
    Total Input Jitter      (TIJ):    0.000ns
    Discrete Jitter          (DJ):    0.000ns
    Phase Error              (PE):    0.000ns

    Location             Delay type                Incr(ns)  Path(ns)    Netlist Resource(s)
  -------------------------------------------------------------------    -------------------
                         (clock pl_clk rise edge)     0.000     0.000 r  
    Y14                                               0.000     0.000 r  clk (IN)
                         net (fo=0)                   0.000     0.000    clk
    Y14                  IBUF (Prop_ibuf_I_O)         0.301     0.301 r  clk_IBUF_inst/O
                         net (fo=1, routed)           0.648     0.949    clk_IBUF
    BUFGCTRL_X0Y0        BUFG (Prop_bufg_I_O)         0.026     0.975 r  clk_IBUF_BUFG_inst/O
                         net (fo=1, routed)           0.610     1.585    u_clk_div_2/clk_IBUF_BUFG
    SLICE_X0Y17          FDRE                                         r  u_clk_div_2/clk_div_reg/C
  -------------------------------------------------------------------    -------------------
    SLICE_X0Y17          FDRE (Prop_fdre_C_Q)         0.164     1.749 r  u_clk_div_2/clk_div_reg/Q
                         net (fo=19, routed)          0.618     2.367    dac_clk_out_OBUF
    Y13                  OBUF (Prop_obuf_I_O)         1.293     3.661 r  dac_clk_out_OBUF_inst/O
                         net (fo=0)                   0.000     3.661    dac_clk_out
    Y13                                                               r  dac_clk_out (OUT)
  -------------------------------------------------------------------    -------------------





